/Users/lukaszcholewa/IdeaProjects/Library/src/main/java/pl/camp/it/library/controllers/UserController.java
/Users/lukaszcholewa/IdeaProjects/Library/src/main/java/pl/camp/it/library/controllers/CommonController.java
/Users/lukaszcholewa/IdeaProjects/Library/src/main/java/pl/camp/it/library/AppConfiguration.java
/Users/lukaszcholewa/IdeaProjects/Library/src/main/java/pl/camp/it/library/controllers/AdminController.java
/Users/lukaszcholewa/IdeaProjects/Library/src/main/java/pl/camp/it/library/dao/IUserDAO.java
/Users/lukaszcholewa/IdeaProjects/Library/src/main/java/pl/camp/it/library/services/impl/UserServiceImpl.java
/Users/lukaszcholewa/IdeaProjects/Library/src/main/java/pl/camp/it/library/model/User.java
/Users/lukaszcholewa/IdeaProjects/Library/src/main/java/pl/camp/it/library/model/Author.java
/Users/lukaszcholewa/IdeaProjects/Library/src/main/java/pl/camp/it/library/App.java
/Users/lukaszcholewa/IdeaProjects/Library/src/main/java/pl/camp/it/library/services/IUserService.java
/Users/lukaszcholewa/IdeaProjects/Library/src/main/java/pl/camp/it/library/session/SessionObject.java
/Users/lukaszcholewa/IdeaProjects/Library/src/main/java/pl/camp/it/library/model/Book.java
/Users/lukaszcholewa/IdeaProjects/Library/src/main/java/pl/camp/it/library/dao/impl/UserDAO.java
/Users/lukaszcholewa/IdeaProjects/Library/src/main/java/pl/camp/it/library/controllers/AuthenticationController.java
